// Jest Snapshot v1, https://goo.gl/fbAQLP

exports[`<SearchBox /> Render should render correctly 1`] = `
<div>
  <form
    class="sc-bdfBwQ bEMKDs"
    data-testid="search box"
  >
    <div
      class="sc-hKgILt gFyfpC"
    >
      <input
        class="sc-gsTCUz zcmxu"
        data-testid="search field"
        placeholder="Nunca dejes de buscar"
        type="text"
        value=""
      />
      <button
        class="sc-dlfnbm groCHX"
        type="submit"
      >
        Pesquisar
      </button>
    </div>
  </form>
</div>
`;
