// Jest Snapshot v1, https://goo.gl/fbAQLP

exports[`<Header /> Render should render correctly 1`] = `
<div>
  <header
    class="sc-jSgupP gRFoCY"
  >
    <header
      class="sc-eCssSg dznMVN"
    >
      <div
        class="sc-iBPRYJ iUImDk"
      >
        <a
          data-testid="link to home"
          href="/"
        >
          <div
            class="sc-gKsewC aYYIb"
            data-testid="logo"
          />
        </a>
        <form
          class="sc-bdfBwQ bEMKDs"
          data-testid="search box"
        >
          <div
            class="sc-hKgILt gFyfpC"
          >
            <input
              class="sc-gsTCUz zcmxu"
              data-testid="search field"
              placeholder="Nunca dejes de buscar"
              type="text"
              value=""
            />
            <button
              class="sc-dlfnbm kDRWiC"
              type="submit"
            >
              Pesquisar
            </button>
          </div>
        </form>
      </div>
    </header>
  </header>
</div>
`;
