// Jest Snapshot v1, https://goo.gl/fbAQLP

exports[`<Routes /> Render should render correctly 1`] = `
<div>
  <header
    class="sc-fKFyDc dsbHy"
  >
    <header
      class="sc-iqHYGH fCINnt"
    >
      <div
        class="sc-iwyYcG bbVDLA"
      >
        <a
          data-testid="link to home"
          href="/"
        >
          <img
            class="sc-bBXqnf rUUAJ"
            data-testid="logo"
            src="https://http2.mlstatic.com/frontend-assets/ui-navigation/5.10.4/mercadolibre/logo__small@2x.png"
          />
        </a>
        <form
          class="sc-dIUggk dMluMA"
          data-testid="search box"
        >
          <div
            class="sc-kfzAmx hwjnJI"
          >
            <input
              class="sc-hHftDr hUtHzF"
              data-testid="search field"
              placeholder="Nunca dejes de buscar"
              type="text"
              value=""
            />
            <button
              class="sc-dmlrTW dysPeN"
            >
              GO
            </button>
          </div>
        </form>
      </div>
    </header>
  </header>
  <header
    class="sc-iqHYGH fCINnt"
  />
</div>
`;
