// Jest Snapshot v1, https://goo.gl/fbAQLP

exports[`<Routes /> Render should render correctly 1`] = `
<div>
  <header
    class="sc-giIncl ewavRJ"
  >
    <header
      class="sc-crrsfI UTahY"
    >
      <div
        class="sc-bYEvPH hgogMm"
      >
        <a
          data-testid="link to home"
          href="/"
        >
          <img
            class="sc-ezrdKe heJdPP"
            data-testid="logo"
            src="/images/Logo_ML@2x.png"
          />
        </a>
        <form
          class="sc-iwyYcG jIlhmi"
          data-testid="search box"
        >
          <div
            class="sc-iJuUWI JKMUy"
          >
            <input
              class="sc-cxFLnm fQkIjQ"
              data-testid="search field"
              placeholder="Nunca dejes de buscar"
              type="text"
              value=""
            />
            <button
              class="sc-lmoMRL dlarJl"
              type="submit"
            >
              Pesquisar
            </button>
          </div>
        </form>
      </div>
    </header>
  </header>
  <header
    class="sc-crrsfI UTahY"
  >
    <img
      class="sc-bBXqnf dvlzMi"
      src="/images/shopping.svg"
    />
  </header>
</div>
`;
