// Jest Snapshot v1, https://goo.gl/fbAQLP

exports[`<Routes /> Render should render correctly 1`] = `
<div>
  <header
    class="sc-iJuUWI kNRSja"
  >
    <header
      class="sc-iqHYGH fCINnt"
    >
      <div
        class="sc-ezrdKe kShTdh"
      >
        <a
          data-testid="link to home"
          href="/"
        >
          <img
            class="sc-giIncl fhSfPO"
            data-testid="logo"
            src="/images/Logo_ML@2x.png"
          />
        </a>
        <form
          class="sc-bBXqnf joqZBh"
          data-testid="search box"
        >
          <div
            class="sc-lmoMRL kzUTia"
          >
            <input
              class="sc-iwyYcG jCDFlQ"
              data-testid="search field"
              placeholder="Nunca dejes de buscar"
              type="text"
              value=""
            />
            <button
              class="sc-cxFLnm cqWXAG"
              type="submit"
            >
              Pesquisar
            </button>
          </div>
        </form>
      </div>
    </header>
  </header>
  <header
    class="sc-iqHYGH fCINnt"
  >
    <img
      class="sc-fKFyDc dqlKDa"
      src="/images/shopping.svg"
    />
  </header>
</div>
`;
