// Jest Snapshot v1, https://goo.gl/fbAQLP

exports[`<SearchResult /> Render should render correctly 1`] = `
<div>
  <a
    href="/item/ml1762712761"
  >
    <div
      class="sc-gsTCUz blUEQb"
    >
      <div
        class="sc-dlfnbm gnaxzg"
      >
        <img
          alt="Imagem"
          class="sc-hKgILt jqJVDO"
          src="string"
        />
      </div>
      <div
        class="sc-fubCfw AHFDg"
      >
        <p
          class="sc-iBPRYJ dWHJvy"
        >
          ARS 1,200
          <img
            class="sc-gKsewC eZieap"
            src="/images/ic_shipping@2x.png"
          />
        </p>
        <h3
          class="sc-eCssSg hMINUV"
        >
          macbook
        </h3>
      </div>
      <span
        class="sc-jSgupP iqPXKI"
      >
        Buenos Aires
      </span>
    </div>
    <hr
      class="sc-bdfBwQ iAZiBa"
    />
  </a>
</div>
`;
